Performing C SOURCE FILE Test CMAKE_HAVE_LIBC_PTHREAD failed with the following output:
Change Dir: /home/leander/Dokumente/Builds/Mandelbrot-OpenGL/glfw/build/CMakeFiles/CMakeTmp

Run Build Command(s):/usr/bin/make cmTC_77aac/fast && /usr/bin/make -f CMakeFiles/cmTC_77aac.dir/build.make CMakeFiles/cmTC_77aac.dir/build
make[1]: Verzeichnis „/home/leander/Dokumente/Builds/Mandelbrot-OpenGL/glfw/build/CMakeFiles/CMakeTmp“ wird betreten
Building C object CMakeFiles/cmTC_77aac.dir/src.c.o
/usr/bin/arm-linux-gnueabihf-gcc   -DCMAKE_HAVE_LIBC_PTHREAD   -o CMakeFiles/cmTC_77aac.dir/src.c.o   -c /home/leander/Dokumente/Builds/Mandelbrot-OpenGL/glfw/build/CMakeFiles/CMakeTmp/src.c
Linking C executable cmTC_77aac
/usr/bin/cmake -E cmake_link_script CMakeFiles/cmTC_77aac.dir/link.txt --verbose=1
/usr/bin/arm-linux-gnueabihf-gcc  -DCMAKE_HAVE_LIBC_PTHREAD    -rdynamic CMakeFiles/cmTC_77aac.dir/src.c.o  -o cmTC_77aac 
/usr/lib/gcc-cross/arm-linux-gnueabihf/9/../../../../arm-linux-gnueabihf/bin/ld: CMakeFiles/cmTC_77aac.dir/src.c.o: in function `main':
src.c:(.text+0x36): undefined reference to `pthread_create'
/usr/lib/gcc-cross/arm-linux-gnueabihf/9/../../../../arm-linux-gnueabihf/bin/ld: src.c:(.text+0x3e): undefined reference to `pthread_detach'
/usr/lib/gcc-cross/arm-linux-gnueabihf/9/../../../../arm-linux-gnueabihf/bin/ld: src.c:(.text+0x48): undefined reference to `pthread_join'
collect2: error: ld returned 1 exit status
make[1]: *** [CMakeFiles/cmTC_77aac.dir/build.make:87: cmTC_77aac] Fehler 1
make[1]: Verzeichnis „/home/leander/Dokumente/Builds/Mandelbrot-OpenGL/glfw/build/CMakeFiles/CMakeTmp“ wird verlassen
make: *** [Makefile:121: cmTC_77aac/fast] Fehler 2


Source file was:
#include <pthread.h>

void* test_func(void* data)
{
  return data;
}

int main(void)
{
  pthread_t thread;
  pthread_create(&thread, NULL, test_func, NULL);
  pthread_detach(thread);
  pthread_join(thread, NULL);
  pthread_atfork(NULL, NULL, NULL);
  pthread_exit(NULL);

  return 0;
}

Determining if the function pthread_create exists in the pthreads failed with the following output:
Change Dir: /home/leander/Dokumente/Builds/Mandelbrot-OpenGL/glfw/build/CMakeFiles/CMakeTmp

Run Build Command(s):/usr/bin/make cmTC_a8584/fast && /usr/bin/make -f CMakeFiles/cmTC_a8584.dir/build.make CMakeFiles/cmTC_a8584.dir/build
make[1]: Verzeichnis „/home/leander/Dokumente/Builds/Mandelbrot-OpenGL/glfw/build/CMakeFiles/CMakeTmp“ wird betreten
Building C object CMakeFiles/cmTC_a8584.dir/CheckFunctionExists.c.o
/usr/bin/arm-linux-gnueabihf-gcc   -DCHECK_FUNCTION_EXISTS=pthread_create   -o CMakeFiles/cmTC_a8584.dir/CheckFunctionExists.c.o   -c /usr/share/cmake-3.16/Modules/CheckFunctionExists.c
Linking C executable cmTC_a8584
/usr/bin/cmake -E cmake_link_script CMakeFiles/cmTC_a8584.dir/link.txt --verbose=1
/usr/bin/arm-linux-gnueabihf-gcc  -DCHECK_FUNCTION_EXISTS=pthread_create    -rdynamic CMakeFiles/cmTC_a8584.dir/CheckFunctionExists.c.o  -o cmTC_a8584  -lpthreads 
/usr/lib/gcc-cross/arm-linux-gnueabihf/9/../../../../arm-linux-gnueabihf/bin/ld: -lpthreads kann nicht gefunden werden
collect2: error: ld returned 1 exit status
make[1]: *** [CMakeFiles/cmTC_a8584.dir/build.make:87: cmTC_a8584] Fehler 1
make[1]: Verzeichnis „/home/leander/Dokumente/Builds/Mandelbrot-OpenGL/glfw/build/CMakeFiles/CMakeTmp“ wird verlassen
make: *** [Makefile:121: cmTC_a8584/fast] Fehler 2



