The target system is: Linux - 1 - 
The host system is: Linux - 5.4.0-84-generic - x86_64
Compiling the C compiler identification source file "CMakeCCompilerId.c" succeeded.
Compiler: /usr/bin/arm-linux-gnueabihf-gcc 
Build flags: 
Id flags:  

The output was:
0


Compilation of the C compiler identification source "CMakeCCompilerId.c" produced "a.out"

The C compiler identification is GNU, found in "/home/leander/Dokumente/Builds/Mandelbrot-OpenGL/glfw/build/CMakeFiles/3.16.3/CompilerIdC/a.out"

Determining if the C compiler works passed with the following output:
Change Dir: /home/leander/Dokumente/Builds/Mandelbrot-OpenGL/glfw/build/CMakeFiles/CMakeTmp

Run Build Command(s):/usr/bin/make cmTC_e73f2/fast && /usr/bin/make -f CMakeFiles/cmTC_e73f2.dir/build.make CMakeFiles/cmTC_e73f2.dir/build
make[1]: Verzeichnis „/home/leander/Dokumente/Builds/Mandelbrot-OpenGL/glfw/build/CMakeFiles/CMakeTmp“ wird betreten
Building C object CMakeFiles/cmTC_e73f2.dir/testCCompiler.c.o
/usr/bin/arm-linux-gnueabihf-gcc    -o CMakeFiles/cmTC_e73f2.dir/testCCompiler.c.o   -c /home/leander/Dokumente/Builds/Mandelbrot-OpenGL/glfw/build/CMakeFiles/CMakeTmp/testCCompiler.c
Linking C executable cmTC_e73f2
/usr/bin/cmake -E cmake_link_script CMakeFiles/cmTC_e73f2.dir/link.txt --verbose=1
/usr/bin/arm-linux-gnueabihf-gcc      -rdynamic CMakeFiles/cmTC_e73f2.dir/testCCompiler.c.o  -o cmTC_e73f2 
make[1]: Verzeichnis „/home/leander/Dokumente/Builds/Mandelbrot-OpenGL/glfw/build/CMakeFiles/CMakeTmp“ wird verlassen



Detecting C compiler ABI info compiled with the following output:
Change Dir: /home/leander/Dokumente/Builds/Mandelbrot-OpenGL/glfw/build/CMakeFiles/CMakeTmp

Run Build Command(s):/usr/bin/make cmTC_a61f3/fast && /usr/bin/make -f CMakeFiles/cmTC_a61f3.dir/build.make CMakeFiles/cmTC_a61f3.dir/build
make[1]: Entering directory '/home/leander/Dokumente/Builds/Mandelbrot-OpenGL/glfw/build/CMakeFiles/CMakeTmp'
Building C object CMakeFiles/cmTC_a61f3.dir/CMakeCCompilerABI.c.o
/usr/bin/arm-linux-gnueabihf-gcc   -v -o CMakeFiles/cmTC_a61f3.dir/CMakeCCompilerABI.c.o   -c /usr/share/cmake-3.16/Modules/CMakeCCompilerABI.c
Using built-in specs.
COLLECT_GCC=/usr/bin/arm-linux-gnueabihf-gcc
Target: arm-linux-gnueabihf
Configured with: ../src/configure -v --with-pkgversion='Ubuntu 9.3.0-17ubuntu1~20.04' --with-bugurl=file:///usr/share/doc/gcc-9/README.Bugs --enable-languages=c,ada,c++,go,d,fortran,objc,obj-c++,gm2 --prefix=/usr --with-gcc-major-version-only --program-suffix=-9 --enable-shared --enable-linker-build-id --libexecdir=/usr/lib --without-included-gettext --enable-threads=posix --libdir=/usr/lib --enable-nls --with-sysroot=/ --enable-clocale=gnu --enable-libstdcxx-debug --enable-libstdcxx-time=yes --with-default-libstdcxx-abi=new --enable-gnu-unique-object --disable-libitm --disable-libquadmath --disable-libquadmath-support --enable-plugin --enable-default-pie --with-system-zlib --without-target-system-zlib --enable-libpth-m2 --enable-multiarch --enable-multilib --disable-sjlj-exceptions --with-arch=armv7-a --with-fpu=vfpv3-d16 --with-float=hard --with-mode=thumb --disable-werror --enable-multilib --enable-checking=release --build=x86_64-linux-gnu --host=x86_64-linux-gnu --target=arm-linux-gnueabihf --program-prefix=arm-linux-gnueabihf- --includedir=/usr/arm-linux-gnueabihf/include
Thread model: posix
gcc version 9.3.0 (Ubuntu 9.3.0-17ubuntu1~20.04) 
COLLECT_GCC_OPTIONS='-v' '-o' 'CMakeFiles/cmTC_a61f3.dir/CMakeCCompilerABI.c.o' '-c'  '-mfloat-abi=hard' '-mfpu=vfpv3-d16' '-mthumb' '-mtls-dialect=gnu' '-march=armv7-a+fp'
 /usr/lib/gcc-cross/arm-linux-gnueabihf/9/cc1 -quiet -v -imultiarch arm-linux-gnueabihf /usr/share/cmake-3.16/Modules/CMakeCCompilerABI.c -quiet -dumpbase CMakeCCompilerABI.c -mfloat-abi=hard -mfpu=vfpv3-d16 -mthumb -mtls-dialect=gnu -march=armv7-a+fp -auxbase-strip CMakeFiles/cmTC_a61f3.dir/CMakeCCompilerABI.c.o -version -fstack-protector-strong -Wformat -Wformat-security -o /tmp/cckOL7hd.s
GNU C17 (Ubuntu 9.3.0-17ubuntu1~20.04) version 9.3.0 (arm-linux-gnueabihf)
	compiled by GNU C version 9.3.0, GMP version 6.2.0, MPFR version 4.0.2, MPC version 1.1.0, isl version isl-0.22.1-GMP

GGC heuristics: --param ggc-min-expand=100 --param ggc-min-heapsize=131072
ignoring nonexistent directory "/usr/local/include/arm-linux-gnueabihf"
ignoring nonexistent directory "/usr/lib/gcc-cross/arm-linux-gnueabihf/9/include-fixed"
#include "..." search starts here:
#include <...> search starts here:
 /usr/lib/gcc-cross/arm-linux-gnueabihf/9/include
 /usr/lib/gcc-cross/arm-linux-gnueabihf/9/../../../../arm-linux-gnueabihf/include
 /usr/include/arm-linux-gnueabihf
 /usr/include
End of search list.
GNU C17 (Ubuntu 9.3.0-17ubuntu1~20.04) version 9.3.0 (arm-linux-gnueabihf)
	compiled by GNU C version 9.3.0, GMP version 6.2.0, MPFR version 4.0.2, MPC version 1.1.0, isl version isl-0.22.1-GMP

GGC heuristics: --param ggc-min-expand=100 --param ggc-min-heapsize=131072
Compiler executable checksum: 8ea97a7c3db690262541a5ace1edd2c8
COLLECT_GCC_OPTIONS='-v' '-o' 'CMakeFiles/cmTC_a61f3.dir/CMakeCCompilerABI.c.o' '-c'  '-mfloat-abi=hard' '-mfpu=vfpv3-d16' '-mthumb' '-mtls-dialect=gnu' '-march=armv7-a+fp'
 /usr/lib/gcc-cross/arm-linux-gnueabihf/9/../../../../arm-linux-gnueabihf/bin/as -v -march=armv7-a -mfloat-abi=hard -mfpu=vfpv3-d16 -meabi=5 -o CMakeFiles/cmTC_a61f3.dir/CMakeCCompilerABI.c.o /tmp/cckOL7hd.s
GNU assembler version 2.34 (arm-linux-gnueabihf) using BFD version (GNU Binutils for Ubuntu) 2.34
COMPILER_PATH=/usr/lib/gcc-cross/arm-linux-gnueabihf/9/:/usr/lib/gcc-cross/arm-linux-gnueabihf/9/:/usr/lib/gcc-cross/arm-linux-gnueabihf/:/usr/lib/gcc-cross/arm-linux-gnueabihf/9/:/usr/lib/gcc-cross/arm-linux-gnueabihf/:/usr/lib/gcc-cross/arm-linux-gnueabihf/9/../../../../arm-linux-gnueabihf/bin/
LIBRARY_PATH=/usr/lib/gcc-cross/arm-linux-gnueabihf/9/:/usr/lib/gcc-cross/arm-linux-gnueabihf/9/../../../../arm-linux-gnueabihf/lib/../lib/:/lib/arm-linux-gnueabihf/:/lib/../lib/:/usr/lib/arm-linux-gnueabihf/:/usr/lib/../lib/:/usr/lib/gcc-cross/arm-linux-gnueabihf/9/../../../../arm-linux-gnueabihf/lib/:/lib/:/usr/lib/
COLLECT_GCC_OPTIONS='-v' '-o' 'CMakeFiles/cmTC_a61f3.dir/CMakeCCompilerABI.c.o' '-c'  '-mfloat-abi=hard' '-mfpu=vfpv3-d16' '-mthumb' '-mtls-dialect=gnu' '-march=armv7-a+fp'
Linking C executable cmTC_a61f3
/usr/bin/cmake -E cmake_link_script CMakeFiles/cmTC_a61f3.dir/link.txt --verbose=1
/usr/bin/arm-linux-gnueabihf-gcc     -v -rdynamic CMakeFiles/cmTC_a61f3.dir/CMakeCCompilerABI.c.o  -o cmTC_a61f3 
Using built-in specs.
COLLECT_GCC=/usr/bin/arm-linux-gnueabihf-gcc
COLLECT_LTO_WRAPPER=/usr/lib/gcc-cross/arm-linux-gnueabihf/9/lto-wrapper
Target: arm-linux-gnueabihf
Configured with: ../src/configure -v --with-pkgversion='Ubuntu 9.3.0-17ubuntu1~20.04' --with-bugurl=file:///usr/share/doc/gcc-9/README.Bugs --enable-languages=c,ada,c++,go,d,fortran,objc,obj-c++,gm2 --prefix=/usr --with-gcc-major-version-only --program-suffix=-9 --enable-shared --enable-linker-build-id --libexecdir=/usr/lib --without-included-gettext --enable-threads=posix --libdir=/usr/lib --enable-nls --with-sysroot=/ --enable-clocale=gnu --enable-libstdcxx-debug --enable-libstdcxx-time=yes --with-default-libstdcxx-abi=new --enable-gnu-unique-object --disable-libitm --disable-libquadmath --disable-libquadmath-support --enable-plugin --enable-default-pie --with-system-zlib --without-target-system-zlib --enable-libpth-m2 --enable-multiarch --enable-multilib --disable-sjlj-exceptions --with-arch=armv7-a --with-fpu=vfpv3-d16 --with-float=hard --with-mode=thumb --disable-werror --enable-multilib --enable-checking=release --build=x86_64-linux-gnu --host=x86_64-linux-gnu --target=arm-linux-gnueabihf --program-prefix=arm-linux-gnueabihf- --includedir=/usr/arm-linux-gnueabihf/include
Thread model: posix
gcc version 9.3.0 (Ubuntu 9.3.0-17ubuntu1~20.04) 
COMPILER_PATH=/usr/lib/gcc-cross/arm-linux-gnueabihf/9/:/usr/lib/gcc-cross/arm-linux-gnueabihf/9/:/usr/lib/gcc-cross/arm-linux-gnueabihf/:/usr/lib/gcc-cross/arm-linux-gnueabihf/9/:/usr/lib/gcc-cross/arm-linux-gnueabihf/:/usr/lib/gcc-cross/arm-linux-gnueabihf/9/../../../../arm-linux-gnueabihf/bin/
LIBRARY_PATH=/usr/lib/gcc-cross/arm-linux-gnueabihf/9/:/usr/lib/gcc-cross/arm-linux-gnueabihf/9/../../../../arm-linux-gnueabihf/lib/../lib/:/lib/arm-linux-gnueabihf/:/lib/../lib/:/usr/lib/arm-linux-gnueabihf/:/usr/lib/../lib/:/usr/lib/gcc-cross/arm-linux-gnueabihf/9/../../../../arm-linux-gnueabihf/lib/:/lib/:/usr/lib/
COLLECT_GCC_OPTIONS='-v' '-rdynamic' '-o' 'cmTC_a61f3'  '-mfloat-abi=hard' '-mfpu=vfpv3-d16' '-mthumb' '-mtls-dialect=gnu' '-march=armv7-a+fp'
 /usr/lib/gcc-cross/arm-linux-gnueabihf/9/collect2 -plugin /usr/lib/gcc-cross/arm-linux-gnueabihf/9/liblto_plugin.so -plugin-opt=/usr/lib/gcc-cross/arm-linux-gnueabihf/9/lto-wrapper -plugin-opt=-fresolution=/tmp/ccWvVOeG.res -plugin-opt=-pass-through=-lgcc -plugin-opt=-pass-through=-lgcc_s -plugin-opt=-pass-through=-lc -plugin-opt=-pass-through=-lgcc -plugin-opt=-pass-through=-lgcc_s --sysroot=/ --build-id --eh-frame-hdr -export-dynamic -dynamic-linker /lib/ld-linux-armhf.so.3 -X --hash-style=gnu --as-needed -m armelf_linux_eabi -pie -z now -z relro -o cmTC_a61f3 /usr/lib/gcc-cross/arm-linux-gnueabihf/9/../../../../arm-linux-gnueabihf/lib/../lib/Scrt1.o /usr/lib/gcc-cross/arm-linux-gnueabihf/9/../../../../arm-linux-gnueabihf/lib/../lib/crti.o /usr/lib/gcc-cross/arm-linux-gnueabihf/9/crtbeginS.o -L/usr/lib/gcc-cross/arm-linux-gnueabihf/9 -L/usr/lib/gcc-cross/arm-linux-gnueabihf/9/../../../../arm-linux-gnueabihf/lib/../lib -L/lib/arm-linux-gnueabihf -L/lib/../lib -L/usr/lib/arm-linux-gnueabihf -L/usr/lib/../lib -L/usr/lib/gcc-cross/arm-linux-gnueabihf/9/../../../../arm-linux-gnueabihf/lib CMakeFiles/cmTC_a61f3.dir/CMakeCCompilerABI.c.o -lgcc --push-state --as-needed -lgcc_s --pop-state -lc -lgcc --push-state --as-needed -lgcc_s --pop-state /usr/lib/gcc-cross/arm-linux-gnueabihf/9/crtendS.o /usr/lib/gcc-cross/arm-linux-gnueabihf/9/../../../../arm-linux-gnueabihf/lib/../lib/crtn.o
COLLECT_GCC_OPTIONS='-v' '-rdynamic' '-o' 'cmTC_a61f3'  '-mfloat-abi=hard' '-mfpu=vfpv3-d16' '-mthumb' '-mtls-dialect=gnu' '-march=armv7-a+fp'
make[1]: Leaving directory '/home/leander/Dokumente/Builds/Mandelbrot-OpenGL/glfw/build/CMakeFiles/CMakeTmp'



Parsed C implicit include dir info from above output: rv=done
  found start of include info
  found start of implicit include info
    add: [/usr/lib/gcc-cross/arm-linux-gnueabihf/9/include]
    add: [/usr/lib/gcc-cross/arm-linux-gnueabihf/9/../../../../arm-linux-gnueabihf/include]
    add: [/usr/include/arm-linux-gnueabihf]
    add: [/usr/include]
  end of search list found
  collapse include dir [/usr/lib/gcc-cross/arm-linux-gnueabihf/9/include] ==> [/usr/lib/gcc-cross/arm-linux-gnueabihf/9/include]
  collapse include dir [/usr/lib/gcc-cross/arm-linux-gnueabihf/9/../../../../arm-linux-gnueabihf/include] ==> [/usr/arm-linux-gnueabihf/include]
  collapse include dir [/usr/include/arm-linux-gnueabihf] ==> [/usr/include/arm-linux-gnueabihf]
  collapse include dir [/usr/include] ==> [/usr/include]
  implicit include dirs: [/usr/lib/gcc-cross/arm-linux-gnueabihf/9/include;/usr/arm-linux-gnueabihf/include;/usr/include/arm-linux-gnueabihf;/usr/include]


Parsed C implicit link information from above output:
  link line regex: [^( *|.*[/\])(arm-linux-gnueabihf-ld|CMAKE_LINK_STARTFILE-NOTFOUND|([^/\]+-)?ld|collect2)[^/\]*( |$)]
  ignore line: [Change Dir: /home/leander/Dokumente/Builds/Mandelbrot-OpenGL/glfw/build/CMakeFiles/CMakeTmp]
  ignore line: []
  ignore line: [Run Build Command(s):/usr/bin/make cmTC_a61f3/fast && /usr/bin/make -f CMakeFiles/cmTC_a61f3.dir/build.make CMakeFiles/cmTC_a61f3.dir/build]
  ignore line: [make[1]: Entering directory '/home/leander/Dokumente/Builds/Mandelbrot-OpenGL/glfw/build/CMakeFiles/CMakeTmp']
  ignore line: [Building C object CMakeFiles/cmTC_a61f3.dir/CMakeCCompilerABI.c.o]
  ignore line: [/usr/bin/arm-linux-gnueabihf-gcc   -v -o CMakeFiles/cmTC_a61f3.dir/CMakeCCompilerABI.c.o   -c /usr/share/cmake-3.16/Modules/CMakeCCompilerABI.c]
  ignore line: [Using built-in specs.]
  ignore line: [COLLECT_GCC=/usr/bin/arm-linux-gnueabihf-gcc]
  ignore line: [Target: arm-linux-gnueabihf]
  ignore line: [Configured with: ../src/configure -v --with-pkgversion='Ubuntu 9.3.0-17ubuntu1~20.04' --with-bugurl=file:///usr/share/doc/gcc-9/README.Bugs --enable-languages=c ada c++ go d fortran objc obj-c++ gm2 --prefix=/usr --with-gcc-major-version-only --program-suffix=-9 --enable-shared --enable-linker-build-id --libexecdir=/usr/lib --without-included-gettext --enable-threads=posix --libdir=/usr/lib --enable-nls --with-sysroot=/ --enable-clocale=gnu --enable-libstdcxx-debug --enable-libstdcxx-time=yes --with-default-libstdcxx-abi=new --enable-gnu-unique-object --disable-libitm --disable-libquadmath --disable-libquadmath-support --enable-plugin --enable-default-pie --with-system-zlib --without-target-system-zlib --enable-libpth-m2 --enable-multiarch --enable-multilib --disable-sjlj-exceptions --with-arch=armv7-a --with-fpu=vfpv3-d16 --with-float=hard --with-mode=thumb --disable-werror --enable-multilib --enable-checking=release --build=x86_64-linux-gnu --host=x86_64-linux-gnu --target=arm-linux-gnueabihf --program-prefix=arm-linux-gnueabihf- --includedir=/usr/arm-linux-gnueabihf/include]
  ignore line: [Thread model: posix]
  ignore line: [gcc version 9.3.0 (Ubuntu 9.3.0-17ubuntu1~20.04) ]
  ignore line: [COLLECT_GCC_OPTIONS='-v' '-o' 'CMakeFiles/cmTC_a61f3.dir/CMakeCCompilerABI.c.o' '-c'  '-mfloat-abi=hard' '-mfpu=vfpv3-d16' '-mthumb' '-mtls-dialect=gnu' '-march=armv7-a+fp']
  ignore line: [ /usr/lib/gcc-cross/arm-linux-gnueabihf/9/cc1 -quiet -v -imultiarch arm-linux-gnueabihf /usr/share/cmake-3.16/Modules/CMakeCCompilerABI.c -quiet -dumpbase CMakeCCompilerABI.c -mfloat-abi=hard -mfpu=vfpv3-d16 -mthumb -mtls-dialect=gnu -march=armv7-a+fp -auxbase-strip CMakeFiles/cmTC_a61f3.dir/CMakeCCompilerABI.c.o -version -fstack-protector-strong -Wformat -Wformat-security -o /tmp/cckOL7hd.s]
  ignore line: [GNU C17 (Ubuntu 9.3.0-17ubuntu1~20.04) version 9.3.0 (arm-linux-gnueabihf)]
  ignore line: [	compiled by GNU C version 9.3.0  GMP version 6.2.0  MPFR version 4.0.2  MPC version 1.1.0  isl version isl-0.22.1-GMP]
  ignore line: []
  ignore line: [GGC heuristics: --param ggc-min-expand=100 --param ggc-min-heapsize=131072]
  ignore line: [ignoring nonexistent directory "/usr/local/include/arm-linux-gnueabihf"]
  ignore line: [ignoring nonexistent directory "/usr/lib/gcc-cross/arm-linux-gnueabihf/9/include-fixed"]
  ignore line: [#include "..." search starts here:]
  ignore line: [#include <...> search starts here:]
  ignore line: [ /usr/lib/gcc-cross/arm-linux-gnueabihf/9/include]
  ignore line: [ /usr/lib/gcc-cross/arm-linux-gnueabihf/9/../../../../arm-linux-gnueabihf/include]
  ignore line: [ /usr/include/arm-linux-gnueabihf]
  ignore line: [ /usr/include]
  ignore line: [End of search list.]
  ignore line: [GNU C17 (Ubuntu 9.3.0-17ubuntu1~20.04) version 9.3.0 (arm-linux-gnueabihf)]
  ignore line: [	compiled by GNU C version 9.3.0  GMP version 6.2.0  MPFR version 4.0.2  MPC version 1.1.0  isl version isl-0.22.1-GMP]
  ignore line: []
  ignore line: [GGC heuristics: --param ggc-min-expand=100 --param ggc-min-heapsize=131072]
  ignore line: [Compiler executable checksum: 8ea97a7c3db690262541a5ace1edd2c8]
  ignore line: [COLLECT_GCC_OPTIONS='-v' '-o' 'CMakeFiles/cmTC_a61f3.dir/CMakeCCompilerABI.c.o' '-c'  '-mfloat-abi=hard' '-mfpu=vfpv3-d16' '-mthumb' '-mtls-dialect=gnu' '-march=armv7-a+fp']
  ignore line: [ /usr/lib/gcc-cross/arm-linux-gnueabihf/9/../../../../arm-linux-gnueabihf/bin/as -v -march=armv7-a -mfloat-abi=hard -mfpu=vfpv3-d16 -meabi=5 -o CMakeFiles/cmTC_a61f3.dir/CMakeCCompilerABI.c.o /tmp/cckOL7hd.s]
  ignore line: [GNU assembler version 2.34 (arm-linux-gnueabihf) using BFD version (GNU Binutils for Ubuntu) 2.34]
  ignore line: [COMPILER_PATH=/usr/lib/gcc-cross/arm-linux-gnueabihf/9/:/usr/lib/gcc-cross/arm-linux-gnueabihf/9/:/usr/lib/gcc-cross/arm-linux-gnueabihf/:/usr/lib/gcc-cross/arm-linux-gnueabihf/9/:/usr/lib/gcc-cross/arm-linux-gnueabihf/:/usr/lib/gcc-cross/arm-linux-gnueabihf/9/../../../../arm-linux-gnueabihf/bin/]
  ignore line: [LIBRARY_PATH=/usr/lib/gcc-cross/arm-linux-gnueabihf/9/:/usr/lib/gcc-cross/arm-linux-gnueabihf/9/../../../../arm-linux-gnueabihf/lib/../lib/:/lib/arm-linux-gnueabihf/:/lib/../lib/:/usr/lib/arm-linux-gnueabihf/:/usr/lib/../lib/:/usr/lib/gcc-cross/arm-linux-gnueabihf/9/../../../../arm-linux-gnueabihf/lib/:/lib/:/usr/lib/]
  ignore line: [COLLECT_GCC_OPTIONS='-v' '-o' 'CMakeFiles/cmTC_a61f3.dir/CMakeCCompilerABI.c.o' '-c'  '-mfloat-abi=hard' '-mfpu=vfpv3-d16' '-mthumb' '-mtls-dialect=gnu' '-march=armv7-a+fp']
  ignore line: [Linking C executable cmTC_a61f3]
  ignore line: [/usr/bin/cmake -E cmake_link_script CMakeFiles/cmTC_a61f3.dir/link.txt --verbose=1]
  ignore line: [/usr/bin/arm-linux-gnueabihf-gcc     -v -rdynamic CMakeFiles/cmTC_a61f3.dir/CMakeCCompilerABI.c.o  -o cmTC_a61f3 ]
  ignore line: [Using built-in specs.]
  ignore line: [COLLECT_GCC=/usr/bin/arm-linux-gnueabihf-gcc]
  ignore line: [COLLECT_LTO_WRAPPER=/usr/lib/gcc-cross/arm-linux-gnueabihf/9/lto-wrapper]
  ignore line: [Target: arm-linux-gnueabihf]
  ignore line: [Configured with: ../src/configure -v --with-pkgversion='Ubuntu 9.3.0-17ubuntu1~20.04' --with-bugurl=file:///usr/share/doc/gcc-9/README.Bugs --enable-languages=c ada c++ go d fortran objc obj-c++ gm2 --prefix=/usr --with-gcc-major-version-only --program-suffix=-9 --enable-shared --enable-linker-build-id --libexecdir=/usr/lib --without-included-gettext --enable-threads=posix --libdir=/usr/lib --enable-nls --with-sysroot=/ --enable-clocale=gnu --enable-libstdcxx-debug --enable-libstdcxx-time=yes --with-default-libstdcxx-abi=new --enable-gnu-unique-object --disable-libitm --disable-libquadmath --disable-libquadmath-support --enable-plugin --enable-default-pie --with-system-zlib --without-target-system-zlib --enable-libpth-m2 --enable-multiarch --enable-multilib --disable-sjlj-exceptions --with-arch=armv7-a --with-fpu=vfpv3-d16 --with-float=hard --with-mode=thumb --disable-werror --enable-multilib --enable-checking=release --build=x86_64-linux-gnu --host=x86_64-linux-gnu --target=arm-linux-gnueabihf --program-prefix=arm-linux-gnueabihf- --includedir=/usr/arm-linux-gnueabihf/include]
  ignore line: [Thread model: posix]
  ignore line: [gcc version 9.3.0 (Ubuntu 9.3.0-17ubuntu1~20.04) ]
  ignore line: [COMPILER_PATH=/usr/lib/gcc-cross/arm-linux-gnueabihf/9/:/usr/lib/gcc-cross/arm-linux-gnueabihf/9/:/usr/lib/gcc-cross/arm-linux-gnueabihf/:/usr/lib/gcc-cross/arm-linux-gnueabihf/9/:/usr/lib/gcc-cross/arm-linux-gnueabihf/:/usr/lib/gcc-cross/arm-linux-gnueabihf/9/../../../../arm-linux-gnueabihf/bin/]
  ignore line: [LIBRARY_PATH=/usr/lib/gcc-cross/arm-linux-gnueabihf/9/:/usr/lib/gcc-cross/arm-linux-gnueabihf/9/../../../../arm-linux-gnueabihf/lib/../lib/:/lib/arm-linux-gnueabihf/:/lib/../lib/:/usr/lib/arm-linux-gnueabihf/:/usr/lib/../lib/:/usr/lib/gcc-cross/arm-linux-gnueabihf/9/../../../../arm-linux-gnueabihf/lib/:/lib/:/usr/lib/]
  ignore line: [COLLECT_GCC_OPTIONS='-v' '-rdynamic' '-o' 'cmTC_a61f3'  '-mfloat-abi=hard' '-mfpu=vfpv3-d16' '-mthumb' '-mtls-dialect=gnu' '-march=armv7-a+fp']
  link line: [ /usr/lib/gcc-cross/arm-linux-gnueabihf/9/collect2 -plugin /usr/lib/gcc-cross/arm-linux-gnueabihf/9/liblto_plugin.so -plugin-opt=/usr/lib/gcc-cross/arm-linux-gnueabihf/9/lto-wrapper -plugin-opt=-fresolution=/tmp/ccWvVOeG.res -plugin-opt=-pass-through=-lgcc -plugin-opt=-pass-through=-lgcc_s -plugin-opt=-pass-through=-lc -plugin-opt=-pass-through=-lgcc -plugin-opt=-pass-through=-lgcc_s --sysroot=/ --build-id --eh-frame-hdr -export-dynamic -dynamic-linker /lib/ld-linux-armhf.so.3 -X --hash-style=gnu --as-needed -m armelf_linux_eabi -pie -z now -z relro -o cmTC_a61f3 /usr/lib/gcc-cross/arm-linux-gnueabihf/9/../../../../arm-linux-gnueabihf/lib/../lib/Scrt1.o /usr/lib/gcc-cross/arm-linux-gnueabihf/9/../../../../arm-linux-gnueabihf/lib/../lib/crti.o /usr/lib/gcc-cross/arm-linux-gnueabihf/9/crtbeginS.o -L/usr/lib/gcc-cross/arm-linux-gnueabihf/9 -L/usr/lib/gcc-cross/arm-linux-gnueabihf/9/../../../../arm-linux-gnueabihf/lib/../lib -L/lib/arm-linux-gnueabihf -L/lib/../lib -L/usr/lib/arm-linux-gnueabihf -L/usr/lib/../lib -L/usr/lib/gcc-cross/arm-linux-gnueabihf/9/../../../../arm-linux-gnueabihf/lib CMakeFiles/cmTC_a61f3.dir/CMakeCCompilerABI.c.o -lgcc --push-state --as-needed -lgcc_s --pop-state -lc -lgcc --push-state --as-needed -lgcc_s --pop-state /usr/lib/gcc-cross/arm-linux-gnueabihf/9/crtendS.o /usr/lib/gcc-cross/arm-linux-gnueabihf/9/../../../../arm-linux-gnueabihf/lib/../lib/crtn.o]
    arg [/usr/lib/gcc-cross/arm-linux-gnueabihf/9/collect2] ==> ignore
    arg [-plugin] ==> ignore
    arg [/usr/lib/gcc-cross/arm-linux-gnueabihf/9/liblto_plugin.so] ==> ignore
    arg [-plugin-opt=/usr/lib/gcc-cross/arm-linux-gnueabihf/9/lto-wrapper] ==> ignore
    arg [-plugin-opt=-fresolution=/tmp/ccWvVOeG.res] ==> ignore
    arg [-plugin-opt=-pass-through=-lgcc] ==> ignore
    arg [-plugin-opt=-pass-through=-lgcc_s] ==> ignore
    arg [-plugin-opt=-pass-through=-lc] ==> ignore
    arg [-plugin-opt=-pass-through=-lgcc] ==> ignore
    arg [-plugin-opt=-pass-through=-lgcc_s] ==> ignore
    arg [--sysroot=/] ==> ignore
    arg [--build-id] ==> ignore
    arg [--eh-frame-hdr] ==> ignore
    arg [-export-dynamic] ==> ignore
    arg [-dynamic-linker] ==> ignore
    arg [/lib/ld-linux-armhf.so.3] ==> ignore
    arg [-X] ==> ignore
    arg [--hash-style=gnu] ==> ignore
    arg [--as-needed] ==> ignore
    arg [-m] ==> ignore
    arg [armelf_linux_eabi] ==> ignore
    arg [-pie] ==> ignore
    arg [-znow] ==> ignore
    arg [-zrelro] ==> ignore
    arg [-o] ==> ignore
    arg [cmTC_a61f3] ==> ignore
    arg [/usr/lib/gcc-cross/arm-linux-gnueabihf/9/../../../../arm-linux-gnueabihf/lib/../lib/Scrt1.o] ==> ignore
    arg [/usr/lib/gcc-cross/arm-linux-gnueabihf/9/../../../../arm-linux-gnueabihf/lib/../lib/crti.o] ==> ignore
    arg [/usr/lib/gcc-cross/arm-linux-gnueabihf/9/crtbeginS.o] ==> ignore
    arg [-L/usr/lib/gcc-cross/arm-linux-gnueabihf/9] ==> dir [/usr/lib/gcc-cross/arm-linux-gnueabihf/9]
    arg [-L/usr/lib/gcc-cross/arm-linux-gnueabihf/9/../../../../arm-linux-gnueabihf/lib/../lib] ==> dir [/usr/lib/gcc-cross/arm-linux-gnueabihf/9/../../../../arm-linux-gnueabihf/lib/../lib]
    arg [-L/lib/arm-linux-gnueabihf] ==> dir [/lib/arm-linux-gnueabihf]
    arg [-L/lib/../lib] ==> dir [/lib/../lib]
    arg [-L/usr/lib/arm-linux-gnueabihf] ==> dir [/usr/lib/arm-linux-gnueabihf]
    arg [-L/usr/lib/../lib] ==> dir [/usr/lib/../lib]
    arg [-L/usr/lib/gcc-cross/arm-linux-gnueabihf/9/../../../../arm-linux-gnueabihf/lib] ==> dir [/usr/lib/gcc-cross/arm-linux-gnueabihf/9/../../../../arm-linux-gnueabihf/lib]
    arg [CMakeFiles/cmTC_a61f3.dir/CMakeCCompilerABI.c.o] ==> ignore
    arg [-lgcc] ==> lib [gcc]
    arg [--push-state] ==> ignore
    arg [--as-needed] ==> ignore
    arg [-lgcc_s] ==> lib [gcc_s]
    arg [--pop-state] ==> ignore
    arg [-lc] ==> lib [c]
    arg [-lgcc] ==> lib [gcc]
    arg [--push-state] ==> ignore
    arg [--as-needed] ==> ignore
    arg [-lgcc_s] ==> lib [gcc_s]
    arg [--pop-state] ==> ignore
    arg [/usr/lib/gcc-cross/arm-linux-gnueabihf/9/crtendS.o] ==> ignore
    arg [/usr/lib/gcc-cross/arm-linux-gnueabihf/9/../../../../arm-linux-gnueabihf/lib/../lib/crtn.o] ==> ignore
  collapse library dir [/usr/lib/gcc-cross/arm-linux-gnueabihf/9] ==> [/usr/lib/gcc-cross/arm-linux-gnueabihf/9]
  collapse library dir [/usr/lib/gcc-cross/arm-linux-gnueabihf/9/../../../../arm-linux-gnueabihf/lib/../lib] ==> [/usr/arm-linux-gnueabihf/lib]
  collapse library dir [/lib/arm-linux-gnueabihf] ==> [/lib/arm-linux-gnueabihf]
  collapse library dir [/lib/../lib] ==> [/lib]
  collapse library dir [/usr/lib/arm-linux-gnueabihf] ==> [/usr/lib/arm-linux-gnueabihf]
  collapse library dir [/usr/lib/../lib] ==> [/usr/lib]
  collapse library dir [/usr/lib/gcc-cross/arm-linux-gnueabihf/9/../../../../arm-linux-gnueabihf/lib] ==> [/usr/arm-linux-gnueabihf/lib]
  implicit libs: [gcc;gcc_s;c;gcc;gcc_s]
  implicit dirs: [/usr/lib/gcc-cross/arm-linux-gnueabihf/9;/usr/arm-linux-gnueabihf/lib;/lib/arm-linux-gnueabihf;/lib;/usr/lib/arm-linux-gnueabihf;/usr/lib]
  implicit fwks: []


Determining if the include file pthread.h exists passed with the following output:
Change Dir: /home/leander/Dokumente/Builds/Mandelbrot-OpenGL/glfw/build/CMakeFiles/CMakeTmp

Run Build Command(s):/usr/bin/make cmTC_1059d/fast && /usr/bin/make -f CMakeFiles/cmTC_1059d.dir/build.make CMakeFiles/cmTC_1059d.dir/build
make[1]: Verzeichnis „/home/leander/Dokumente/Builds/Mandelbrot-OpenGL/glfw/build/CMakeFiles/CMakeTmp“ wird betreten
Building C object CMakeFiles/cmTC_1059d.dir/CheckIncludeFile.c.o
/usr/bin/arm-linux-gnueabihf-gcc    -o CMakeFiles/cmTC_1059d.dir/CheckIncludeFile.c.o   -c /home/leander/Dokumente/Builds/Mandelbrot-OpenGL/glfw/build/CMakeFiles/CMakeTmp/CheckIncludeFile.c
Linking C executable cmTC_1059d
/usr/bin/cmake -E cmake_link_script CMakeFiles/cmTC_1059d.dir/link.txt --verbose=1
/usr/bin/arm-linux-gnueabihf-gcc      -rdynamic CMakeFiles/cmTC_1059d.dir/CheckIncludeFile.c.o  -o cmTC_1059d 
make[1]: Verzeichnis „/home/leander/Dokumente/Builds/Mandelbrot-OpenGL/glfw/build/CMakeFiles/CMakeTmp“ wird verlassen



Determining if the function pthread_create exists in the pthread passed with the following output:
Change Dir: /home/leander/Dokumente/Builds/Mandelbrot-OpenGL/glfw/build/CMakeFiles/CMakeTmp

Run Build Command(s):/usr/bin/make cmTC_14756/fast && /usr/bin/make -f CMakeFiles/cmTC_14756.dir/build.make CMakeFiles/cmTC_14756.dir/build
make[1]: Verzeichnis „/home/leander/Dokumente/Builds/Mandelbrot-OpenGL/glfw/build/CMakeFiles/CMakeTmp“ wird betreten
Building C object CMakeFiles/cmTC_14756.dir/CheckFunctionExists.c.o
/usr/bin/arm-linux-gnueabihf-gcc   -DCHECK_FUNCTION_EXISTS=pthread_create   -o CMakeFiles/cmTC_14756.dir/CheckFunctionExists.c.o   -c /usr/share/cmake-3.16/Modules/CheckFunctionExists.c
Linking C executable cmTC_14756
/usr/bin/cmake -E cmake_link_script CMakeFiles/cmTC_14756.dir/link.txt --verbose=1
/usr/bin/arm-linux-gnueabihf-gcc  -DCHECK_FUNCTION_EXISTS=pthread_create    -rdynamic CMakeFiles/cmTC_14756.dir/CheckFunctionExists.c.o  -o cmTC_14756  -lpthread 
make[1]: Verzeichnis „/home/leander/Dokumente/Builds/Mandelbrot-OpenGL/glfw/build/CMakeFiles/CMakeTmp“ wird verlassen



Determining if the function XOpenDisplay exists in the /usr/lib/arm-linux-gnueabihf/libX11.so passed with the following output:
Change Dir: /home/leander/Dokumente/Builds/Mandelbrot-OpenGL/glfw/build/CMakeFiles/CMakeTmp

Run Build Command(s):/usr/bin/make cmTC_237cb/fast && /usr/bin/make -f CMakeFiles/cmTC_237cb.dir/build.make CMakeFiles/cmTC_237cb.dir/build
make[1]: Verzeichnis „/home/leander/Dokumente/Builds/Mandelbrot-OpenGL/glfw/build/CMakeFiles/CMakeTmp“ wird betreten
Building C object CMakeFiles/cmTC_237cb.dir/CheckFunctionExists.c.o
/usr/bin/arm-linux-gnueabihf-gcc   -DCHECK_FUNCTION_EXISTS=XOpenDisplay   -o CMakeFiles/cmTC_237cb.dir/CheckFunctionExists.c.o   -c /usr/share/cmake-3.16/Modules/CheckFunctionExists.c
Linking C executable cmTC_237cb
/usr/bin/cmake -E cmake_link_script CMakeFiles/cmTC_237cb.dir/link.txt --verbose=1
/usr/bin/arm-linux-gnueabihf-gcc  -DCHECK_FUNCTION_EXISTS=XOpenDisplay    -rdynamic CMakeFiles/cmTC_237cb.dir/CheckFunctionExists.c.o  -o cmTC_237cb  /usr/lib/arm-linux-gnueabihf/libX11.so 
make[1]: Verzeichnis „/home/leander/Dokumente/Builds/Mandelbrot-OpenGL/glfw/build/CMakeFiles/CMakeTmp“ wird verlassen



Determining if the function gethostbyname exists passed with the following output:
Change Dir: /home/leander/Dokumente/Builds/Mandelbrot-OpenGL/glfw/build/CMakeFiles/CMakeTmp

Run Build Command(s):/usr/bin/make cmTC_5d9d0/fast && /usr/bin/make -f CMakeFiles/cmTC_5d9d0.dir/build.make CMakeFiles/cmTC_5d9d0.dir/build
make[1]: Verzeichnis „/home/leander/Dokumente/Builds/Mandelbrot-OpenGL/glfw/build/CMakeFiles/CMakeTmp“ wird betreten
Building C object CMakeFiles/cmTC_5d9d0.dir/CheckFunctionExists.c.o
/usr/bin/arm-linux-gnueabihf-gcc   -DCHECK_FUNCTION_EXISTS=gethostbyname   -o CMakeFiles/cmTC_5d9d0.dir/CheckFunctionExists.c.o   -c /usr/share/cmake-3.16/Modules/CheckFunctionExists.c
Linking C executable cmTC_5d9d0
/usr/bin/cmake -E cmake_link_script CMakeFiles/cmTC_5d9d0.dir/link.txt --verbose=1
/usr/bin/arm-linux-gnueabihf-gcc  -DCHECK_FUNCTION_EXISTS=gethostbyname    -rdynamic CMakeFiles/cmTC_5d9d0.dir/CheckFunctionExists.c.o  -o cmTC_5d9d0 
make[1]: Verzeichnis „/home/leander/Dokumente/Builds/Mandelbrot-OpenGL/glfw/build/CMakeFiles/CMakeTmp“ wird verlassen



Determining if the function connect exists passed with the following output:
Change Dir: /home/leander/Dokumente/Builds/Mandelbrot-OpenGL/glfw/build/CMakeFiles/CMakeTmp

Run Build Command(s):/usr/bin/make cmTC_0d8f0/fast && /usr/bin/make -f CMakeFiles/cmTC_0d8f0.dir/build.make CMakeFiles/cmTC_0d8f0.dir/build
make[1]: Verzeichnis „/home/leander/Dokumente/Builds/Mandelbrot-OpenGL/glfw/build/CMakeFiles/CMakeTmp“ wird betreten
Building C object CMakeFiles/cmTC_0d8f0.dir/CheckFunctionExists.c.o
/usr/bin/arm-linux-gnueabihf-gcc   -DCHECK_FUNCTION_EXISTS=connect   -o CMakeFiles/cmTC_0d8f0.dir/CheckFunctionExists.c.o   -c /usr/share/cmake-3.16/Modules/CheckFunctionExists.c
Linking C executable cmTC_0d8f0
/usr/bin/cmake -E cmake_link_script CMakeFiles/cmTC_0d8f0.dir/link.txt --verbose=1
/usr/bin/arm-linux-gnueabihf-gcc  -DCHECK_FUNCTION_EXISTS=connect    -rdynamic CMakeFiles/cmTC_0d8f0.dir/CheckFunctionExists.c.o  -o cmTC_0d8f0 
make[1]: Verzeichnis „/home/leander/Dokumente/Builds/Mandelbrot-OpenGL/glfw/build/CMakeFiles/CMakeTmp“ wird verlassen



Determining if the function remove exists passed with the following output:
Change Dir: /home/leander/Dokumente/Builds/Mandelbrot-OpenGL/glfw/build/CMakeFiles/CMakeTmp

Run Build Command(s):/usr/bin/make cmTC_a12d1/fast && /usr/bin/make -f CMakeFiles/cmTC_a12d1.dir/build.make CMakeFiles/cmTC_a12d1.dir/build
make[1]: Verzeichnis „/home/leander/Dokumente/Builds/Mandelbrot-OpenGL/glfw/build/CMakeFiles/CMakeTmp“ wird betreten
Building C object CMakeFiles/cmTC_a12d1.dir/CheckFunctionExists.c.o
/usr/bin/arm-linux-gnueabihf-gcc   -DCHECK_FUNCTION_EXISTS=remove   -o CMakeFiles/cmTC_a12d1.dir/CheckFunctionExists.c.o   -c /usr/share/cmake-3.16/Modules/CheckFunctionExists.c
Linking C executable cmTC_a12d1
/usr/bin/cmake -E cmake_link_script CMakeFiles/cmTC_a12d1.dir/link.txt --verbose=1
/usr/bin/arm-linux-gnueabihf-gcc  -DCHECK_FUNCTION_EXISTS=remove    -rdynamic CMakeFiles/cmTC_a12d1.dir/CheckFunctionExists.c.o  -o cmTC_a12d1 
make[1]: Verzeichnis „/home/leander/Dokumente/Builds/Mandelbrot-OpenGL/glfw/build/CMakeFiles/CMakeTmp“ wird verlassen



Determining if the function shmat exists passed with the following output:
Change Dir: /home/leander/Dokumente/Builds/Mandelbrot-OpenGL/glfw/build/CMakeFiles/CMakeTmp

Run Build Command(s):/usr/bin/make cmTC_e4903/fast && /usr/bin/make -f CMakeFiles/cmTC_e4903.dir/build.make CMakeFiles/cmTC_e4903.dir/build
make[1]: Verzeichnis „/home/leander/Dokumente/Builds/Mandelbrot-OpenGL/glfw/build/CMakeFiles/CMakeTmp“ wird betreten
Building C object CMakeFiles/cmTC_e4903.dir/CheckFunctionExists.c.o
/usr/bin/arm-linux-gnueabihf-gcc   -DCHECK_FUNCTION_EXISTS=shmat   -o CMakeFiles/cmTC_e4903.dir/CheckFunctionExists.c.o   -c /usr/share/cmake-3.16/Modules/CheckFunctionExists.c
Linking C executable cmTC_e4903
/usr/bin/cmake -E cmake_link_script CMakeFiles/cmTC_e4903.dir/link.txt --verbose=1
/usr/bin/arm-linux-gnueabihf-gcc  -DCHECK_FUNCTION_EXISTS=shmat    -rdynamic CMakeFiles/cmTC_e4903.dir/CheckFunctionExists.c.o  -o cmTC_e4903 
make[1]: Verzeichnis „/home/leander/Dokumente/Builds/Mandelbrot-OpenGL/glfw/build/CMakeFiles/CMakeTmp“ wird verlassen



